Archive member included to satisfy reference by file (symbol)

c:/nxp/s32ds_power_v1.2/cross_tools/powerpc-eabivle-4_9/bin/../lib/gcc/powerpc-eabivle/4.9.4/e200z4/fp\libgcc.a(eabivle.o)
                              ./src/adc_Z4_1.o (__eabi)

Allocating common symbols
Common symbol       size              file

Result              0x2               ./src/adc.o
ResultInMv          0x2               ./src/adc.o

Discarded input sections

 .text          0x00000000        0x0 c:/nxp/s32ds_power_v1.2/cross_tools/powerpc-eabivle-4_9/bin/../lib/gcc/powerpc-eabivle/4.9.4/e200z4/fp/ecrti.o
 .data          0x00000000        0x0 c:/nxp/s32ds_power_v1.2/cross_tools/powerpc-eabivle-4_9/bin/../lib/gcc/powerpc-eabivle/4.9.4/e200z4/fp/ecrti.o
 .bss           0x00000000        0x0 c:/nxp/s32ds_power_v1.2/cross_tools/powerpc-eabivle-4_9/bin/../lib/gcc/powerpc-eabivle/4.9.4/e200z4/fp/ecrti.o
 .fixup         0x00000000        0x0 c:/nxp/s32ds_power_v1.2/cross_tools/powerpc-eabivle-4_9/bin/../lib/gcc/powerpc-eabivle/4.9.4/e200z4/fp/ecrti.o
 .sbss          0x00000000        0x0 c:/nxp/s32ds_power_v1.2/cross_tools/powerpc-eabivle-4_9/bin/../lib/gcc/powerpc-eabivle/4.9.4/e200z4/fp/ecrti.o
 .sbss2         0x00000000        0x0 c:/nxp/s32ds_power_v1.2/cross_tools/powerpc-eabivle-4_9/bin/../lib/gcc/powerpc-eabivle/4.9.4/e200z4/fp/ecrti.o
 .gcc_except_table
                0x00000000        0x0 c:/nxp/s32ds_power_v1.2/cross_tools/powerpc-eabivle-4_9/bin/../lib/gcc/powerpc-eabivle/4.9.4/e200z4/fp/ecrti.o
 .data          0x00000000        0x4 c:/nxp/s32ds_power_v1.2/cross_tools/powerpc-eabivle-4_9/bin/../lib/gcc/powerpc-eabivle/4.9.4/e200z4/fp/crtbegin.o
 .text          0x00000000        0x0 ./Project_Settings/Startup_Code/startup.o
 .data          0x00000000        0x0 ./Project_Settings/Startup_Code/startup.o
 .bss           0x00000000        0x0 ./Project_Settings/Startup_Code/startup.o
 .group         0x00000000        0x8 ./src/mode.o
 .group         0x00000000        0x8 ./src/mode.o
 .group         0x00000000        0x8 ./src/mode.o
 .group         0x00000000        0x8 ./src/mode.o
 .group         0x00000000        0x8 ./src/mode.o
 .group         0x00000000        0x8 ./src/mode.o
 .group         0x00000000        0x8 ./src/mode.o
 .group         0x00000000        0x8 ./src/mode.o
 .group         0x00000000        0x8 ./src/mode.o
 .group         0x00000000        0x8 ./src/mode.o
 .group         0x00000000        0x8 ./src/mode.o
 .group         0x00000000        0x8 ./src/mode.o
 .group         0x00000000        0x8 ./src/mode.o
 .group         0x00000000        0x8 ./src/mode.o
 .text          0x00000000        0x0 ./src/mode.o
 .data          0x00000000        0x0 ./src/mode.o
 .bss           0x00000000        0x0 ./src/mode.o
 .text.enter_STOP_mode
                0x00000000       0x54 ./src/mode.o
 .data          0x00000000        0x0 ./src/intc_sw_handlers.o
 .bss           0x00000000        0x0 ./src/intc_sw_handlers.o
 .group         0x00000000        0x8 ./src/intc_SW_mode_isr_vectors_MPC5748G.o
 .group         0x00000000        0x8 ./src/intc_SW_mode_isr_vectors_MPC5748G.o
 .group         0x00000000        0x8 ./src/intc_SW_mode_isr_vectors_MPC5748G.o
 .group         0x00000000        0x8 ./src/intc_SW_mode_isr_vectors_MPC5748G.o
 .group         0x00000000        0x8 ./src/intc_SW_mode_isr_vectors_MPC5748G.o
 .group         0x00000000        0x8 ./src/intc_SW_mode_isr_vectors_MPC5748G.o
 .group         0x00000000        0x8 ./src/intc_SW_mode_isr_vectors_MPC5748G.o
 .group         0x00000000        0x8 ./src/intc_SW_mode_isr_vectors_MPC5748G.o
 .group         0x00000000        0x8 ./src/intc_SW_mode_isr_vectors_MPC5748G.o
 .group         0x00000000        0x8 ./src/intc_SW_mode_isr_vectors_MPC5748G.o
 .group         0x00000000        0x8 ./src/intc_SW_mode_isr_vectors_MPC5748G.o
 .group         0x00000000        0x8 ./src/intc_SW_mode_isr_vectors_MPC5748G.o
 .text          0x00000000        0x0 ./src/intc_SW_mode_isr_vectors_MPC5748G.o
 .data          0x00000000        0x0 ./src/intc_SW_mode_isr_vectors_MPC5748G.o
 .bss           0x00000000        0x0 ./src/intc_SW_mode_isr_vectors_MPC5748G.o
 .debug_macro   0x00000000      0x628 ./src/intc_SW_mode_isr_vectors_MPC5748G.o
 .debug_macro   0x00000000       0x52 ./src/intc_SW_mode_isr_vectors_MPC5748G.o
 .debug_macro   0x00000000       0xa0 ./src/intc_SW_mode_isr_vectors_MPC5748G.o
 .debug_macro   0x00000000       0x16 ./src/intc_SW_mode_isr_vectors_MPC5748G.o
 .debug_macro   0x00000000       0x64 ./src/intc_SW_mode_isr_vectors_MPC5748G.o
 .debug_macro   0x00000000      0x1a3 ./src/intc_SW_mode_isr_vectors_MPC5748G.o
 .debug_macro   0x00000000      0x133 ./src/intc_SW_mode_isr_vectors_MPC5748G.o
 .debug_macro   0x00000000       0x9d ./src/intc_SW_mode_isr_vectors_MPC5748G.o
 .debug_macro   0x00000000       0x10 ./src/intc_SW_mode_isr_vectors_MPC5748G.o
 .debug_macro   0x00000000      0x15b ./src/intc_SW_mode_isr_vectors_MPC5748G.o
 .debug_macro   0x00000000       0x28 ./src/intc_SW_mode_isr_vectors_MPC5748G.o
 .debug_macro   0x00000000       0x58 ./src/intc_SW_mode_isr_vectors_MPC5748G.o
 .group         0x00000000        0x8 ./src/flashrchw.o
 .group         0x00000000        0x8 ./src/flashrchw.o
 .group         0x00000000        0x8 ./src/flashrchw.o
 .group         0x00000000        0x8 ./src/flashrchw.o
 .group         0x00000000        0x8 ./src/flashrchw.o
 .group         0x00000000        0x8 ./src/flashrchw.o
 .group         0x00000000        0x8 ./src/flashrchw.o
 .group         0x00000000        0x8 ./src/flashrchw.o
 .group         0x00000000        0x8 ./src/flashrchw.o
 .group         0x00000000        0x8 ./src/flashrchw.o
 .group         0x00000000        0x8 ./src/flashrchw.o
 .group         0x00000000        0x8 ./src/flashrchw.o
 .text          0x00000000        0x0 ./src/flashrchw.o
 .data          0x00000000        0x0 ./src/flashrchw.o
 .bss           0x00000000        0x0 ./src/flashrchw.o
 .debug_macro   0x00000000      0x628 ./src/flashrchw.o
 .debug_macro   0x00000000       0x52 ./src/flashrchw.o
 .debug_macro   0x00000000       0xa0 ./src/flashrchw.o
 .debug_macro   0x00000000       0x16 ./src/flashrchw.o
 .debug_macro   0x00000000       0x64 ./src/flashrchw.o
 .debug_macro   0x00000000      0x1a3 ./src/flashrchw.o
 .debug_macro   0x00000000      0x133 ./src/flashrchw.o
 .debug_macro   0x00000000       0x9d ./src/flashrchw.o
 .debug_macro   0x00000000       0x10 ./src/flashrchw.o
 .debug_macro   0x00000000      0x15b ./src/flashrchw.o
 .debug_macro   0x00000000       0x28 ./src/flashrchw.o
 .debug_macro   0x00000000       0x58 ./src/flashrchw.o
 .group         0x00000000        0x8 ./src/adc_Z4_1.o
 .group         0x00000000        0x8 ./src/adc_Z4_1.o
 .group         0x00000000        0x8 ./src/adc_Z4_1.o
 .group         0x00000000        0x8 ./src/adc_Z4_1.o
 .group         0x00000000        0x8 ./src/adc_Z4_1.o
 .group         0x00000000        0x8 ./src/adc_Z4_1.o
 .group         0x00000000        0x8 ./src/adc_Z4_1.o
 .group         0x00000000        0x8 ./src/adc_Z4_1.o
 .group         0x00000000        0x8 ./src/adc_Z4_1.o
 .group         0x00000000        0x8 ./src/adc_Z4_1.o
 .group         0x00000000        0x8 ./src/adc_Z4_1.o
 .group         0x00000000        0x8 ./src/adc_Z4_1.o
 .group         0x00000000        0x8 ./src/adc_Z4_1.o
 .group         0x00000000        0x8 ./src/adc_Z4_1.o
 .data          0x00000000        0x0 ./src/adc_Z4_1.o
 .bss           0x00000000        0x0 ./src/adc_Z4_1.o
 .debug_macro   0x00000000      0x628 ./src/adc_Z4_1.o
 .debug_macro   0x00000000       0x52 ./src/adc_Z4_1.o
 .debug_macro   0x00000000       0xa0 ./src/adc_Z4_1.o
 .debug_macro   0x00000000       0x16 ./src/adc_Z4_1.o
 .debug_macro   0x00000000       0x64 ./src/adc_Z4_1.o
 .debug_macro   0x00000000      0x1a3 ./src/adc_Z4_1.o
 .debug_macro   0x00000000      0x133 ./src/adc_Z4_1.o
 .debug_macro   0x00000000       0x9d ./src/adc_Z4_1.o
 .debug_macro   0x00000000       0x10 ./src/adc_Z4_1.o
 .debug_macro   0x00000000      0x15b ./src/adc_Z4_1.o
 .debug_macro   0x00000000       0x28 ./src/adc_Z4_1.o
 .debug_macro   0x00000000       0x58 ./src/adc_Z4_1.o
 .debug_macro   0x00000000    0x1814c ./src/adc_Z4_1.o
 .debug_macro   0x00000000      0xb67 ./src/adc_Z4_1.o
 .group         0x00000000        0x8 ./src/adc.o
 .group         0x00000000        0x8 ./src/adc.o
 .group         0x00000000        0x8 ./src/adc.o
 .group         0x00000000        0x8 ./src/adc.o
 .group         0x00000000        0x8 ./src/adc.o
 .group         0x00000000        0x8 ./src/adc.o
 .group         0x00000000        0x8 ./src/adc.o
 .group         0x00000000        0x8 ./src/adc.o
 .group         0x00000000        0x8 ./src/adc.o
 .group         0x00000000        0x8 ./src/adc.o
 .group         0x00000000        0x8 ./src/adc.o
 .group         0x00000000        0x8 ./src/adc.o
 .group         0x00000000        0x8 ./src/adc.o
 .group         0x00000000        0x8 ./src/adc.o
 .text          0x00000000        0x0 ./src/adc.o
 .data          0x00000000        0x0 ./src/adc.o
 .bss           0x00000000        0x0 ./src/adc.o
 .debug_macro   0x00000000      0x628 ./src/adc.o
 .debug_macro   0x00000000       0x52 ./src/adc.o
 .debug_macro   0x00000000       0xa0 ./src/adc.o
 .debug_macro   0x00000000       0x16 ./src/adc.o
 .debug_macro   0x00000000       0x64 ./src/adc.o
 .debug_macro   0x00000000      0x1a3 ./src/adc.o
 .debug_macro   0x00000000      0x133 ./src/adc.o
 .debug_macro   0x00000000       0x9d ./src/adc.o
 .debug_macro   0x00000000       0x10 ./src/adc.o
 .debug_macro   0x00000000      0x15b ./src/adc.o
 .debug_macro   0x00000000       0x28 ./src/adc.o
 .debug_macro   0x00000000       0x58 ./src/adc.o
 .debug_macro   0x00000000    0x1814c ./src/adc.o
 .debug_macro   0x00000000      0xb67 ./src/adc.o
 .group         0x00000000        0x8 ./src/Vector.o
 .group         0x00000000        0x8 ./src/Vector.o
 .group         0x00000000        0x8 ./src/Vector.o
 .group         0x00000000        0x8 ./src/Vector.o
 .text          0x00000000        0x0 ./src/Vector.o
 .data          0x00000000        0x0 ./src/Vector.o
 .bss           0x00000000        0x0 ./src/Vector.o
 .debug_macro   0x00000000      0x628 ./src/Vector.o
 .debug_macro   0x00000000       0x52 ./src/Vector.o
 .debug_macro   0x00000000       0xa0 ./src/Vector.o
 .debug_macro   0x00000000       0x16 ./src/Vector.o
 .group         0x00000000        0x8 ./src/MPC57xx__Interrupt_Init.o
 .group         0x00000000        0x8 ./src/MPC57xx__Interrupt_Init.o
 .group         0x00000000        0x8 ./src/MPC57xx__Interrupt_Init.o
 .group         0x00000000        0x8 ./src/MPC57xx__Interrupt_Init.o
 .group         0x00000000        0x8 ./src/MPC57xx__Interrupt_Init.o
 .group         0x00000000        0x8 ./src/MPC57xx__Interrupt_Init.o
 .group         0x00000000        0x8 ./src/MPC57xx__Interrupt_Init.o
 .group         0x00000000        0x8 ./src/MPC57xx__Interrupt_Init.o
 .group         0x00000000        0x8 ./src/MPC57xx__Interrupt_Init.o
 .group         0x00000000        0x8 ./src/MPC57xx__Interrupt_Init.o
 .group         0x00000000        0x8 ./src/MPC57xx__Interrupt_Init.o
 .group         0x00000000        0x8 ./src/MPC57xx__Interrupt_Init.o
 .group         0x00000000        0x8 ./src/MPC57xx__Interrupt_Init.o
 .text          0x00000000        0x0 ./src/MPC57xx__Interrupt_Init.o
 .data          0x00000000        0x0 ./src/MPC57xx__Interrupt_Init.o
 .bss           0x00000000        0x0 ./src/MPC57xx__Interrupt_Init.o
 .debug_macro   0x00000000      0x628 ./src/MPC57xx__Interrupt_Init.o
 .debug_macro   0x00000000       0x52 ./src/MPC57xx__Interrupt_Init.o
 .debug_macro   0x00000000       0xa0 ./src/MPC57xx__Interrupt_Init.o
 .debug_macro   0x00000000       0x16 ./src/MPC57xx__Interrupt_Init.o
 .debug_macro   0x00000000       0x64 ./src/MPC57xx__Interrupt_Init.o
 .debug_macro   0x00000000      0x1a3 ./src/MPC57xx__Interrupt_Init.o
 .debug_macro   0x00000000      0x133 ./src/MPC57xx__Interrupt_Init.o
 .debug_macro   0x00000000       0x9d ./src/MPC57xx__Interrupt_Init.o
 .debug_macro   0x00000000       0x10 ./src/MPC57xx__Interrupt_Init.o
 .debug_macro   0x00000000      0x15b ./src/MPC57xx__Interrupt_Init.o
 .debug_macro   0x00000000       0x28 ./src/MPC57xx__Interrupt_Init.o
 .debug_macro   0x00000000       0x58 ./src/MPC57xx__Interrupt_Init.o
 .debug_macro   0x00000000    0x1814c ./src/MPC57xx__Interrupt_Init.o
 .bss           0x00000000        0x0 c:/nxp/s32ds_power_v1.2/cross_tools/powerpc-eabivle-4_9/bin/../lib/gcc/powerpc-eabivle/4.9.4/e200z4/fp\libgcc.a(eabivle.o)
 .data          0x00000000        0x0 c:/nxp/s32ds_power_v1.2/cross_tools/powerpc-eabivle-4_9/bin/../lib/gcc/powerpc-eabivle/4.9.4/e200z4/fp/crtend.o
 .bss           0x00000000        0x0 c:/nxp/s32ds_power_v1.2/cross_tools/powerpc-eabivle-4_9/bin/../lib/gcc/powerpc-eabivle/4.9.4/e200z4/fp/crtend.o
 .jcr           0x00000000        0x4 c:/nxp/s32ds_power_v1.2/cross_tools/powerpc-eabivle-4_9/bin/../lib/gcc/powerpc-eabivle/4.9.4/e200z4/fp/crtend.o
 .text          0x00000000        0x0 c:/nxp/s32ds_power_v1.2/cross_tools/powerpc-eabivle-4_9/bin/../lib/gcc/powerpc-eabivle/4.9.4/e200z4/fp/ecrtn.o
 .data          0x00000000        0x0 c:/nxp/s32ds_power_v1.2/cross_tools/powerpc-eabivle-4_9/bin/../lib/gcc/powerpc-eabivle/4.9.4/e200z4/fp/ecrtn.o
 .bss           0x00000000        0x0 c:/nxp/s32ds_power_v1.2/cross_tools/powerpc-eabivle-4_9/bin/../lib/gcc/powerpc-eabivle/4.9.4/e200z4/fp/ecrtn.o
 .fixup         0x00000000        0x0 c:/nxp/s32ds_power_v1.2/cross_tools/powerpc-eabivle-4_9/bin/../lib/gcc/powerpc-eabivle/4.9.4/e200z4/fp/ecrtn.o
 .sdata         0x00000000        0x0 c:/nxp/s32ds_power_v1.2/cross_tools/powerpc-eabivle-4_9/bin/../lib/gcc/powerpc-eabivle/4.9.4/e200z4/fp/ecrtn.o
 .sdata2        0x00000000        0x0 c:/nxp/s32ds_power_v1.2/cross_tools/powerpc-eabivle-4_9/bin/../lib/gcc/powerpc-eabivle/4.9.4/e200z4/fp/ecrtn.o
 .gcc_except_table
                0x00000000        0x0 c:/nxp/s32ds_power_v1.2/cross_tools/powerpc-eabivle-4_9/bin/../lib/gcc/powerpc-eabivle/4.9.4/e200z4/fp/ecrtn.o

Memory Configuration

Name             Origin             Length             Attributes
flash_rchw       0x00fa0000         0x00000004
cpu0_reset_vec   0x00fa0010         0x00000004
cpu1_reset_vec   0x00fa0014         0x00000004
cpu2_reset_vec   0x00fa0004         0x00000004
m_text           0x01000000         0x001d0000
m_data           0x40000000         0x00040000
*default*        0x00000000         0xffffffff

Linker script and memory map

LOAD c:/nxp/s32ds_power_v1.2/cross_tools/powerpc-eabivle-4_9/bin/../lib/gcc/powerpc-eabivle/4.9.4/e200z4/fp/ecrti.o
LOAD c:/nxp/s32ds_power_v1.2/cross_tools/powerpc-eabivle-4_9/bin/../lib/gcc/powerpc-eabivle/4.9.4/e200z4/fp/crtbegin.o
LOAD ./Project_Settings/Startup_Code/startup.o
LOAD ./src/mode.o
LOAD ./src/intc_sw_handlers.o
LOAD ./src/intc_SW_mode_isr_vectors_MPC5748G.o
LOAD ./src/flashrchw.o
LOAD ./src/adc_Z4_1.o
LOAD ./src/adc.o
LOAD ./src/Vector.o
LOAD ./src/MPC57xx__Interrupt_Init.o
START GROUP
LOAD C:/NXP/S32DS_Power_v1.2/S32DS/e200_ewl2/lib/e200z4/fp\libc99.a
LOAD C:/NXP/S32DS_Power_v1.2/S32DS/e200_ewl2/lib/e200z4/fp\libm.a
LOAD c:/nxp/s32ds_power_v1.2/cross_tools/powerpc-eabivle-4_9/bin/../lib/gcc/powerpc-eabivle/4.9.4/e200z4/fp\libgcc.a
LOAD C:/NXP/S32DS_Power_v1.2/S32DS/e200_ewl2/lib/e200z4/fp\librt.a
END GROUP
LOAD c:/nxp/s32ds_power_v1.2/cross_tools/powerpc-eabivle-4_9/bin/../lib/gcc/powerpc-eabivle/4.9.4/e200z4/fp/crtend.o
LOAD c:/nxp/s32ds_power_v1.2/cross_tools/powerpc-eabivle-4_9/bin/../lib/gcc/powerpc-eabivle/4.9.4/e200z4/fp/ecrtn.o
                0x00000000                __HEAP_SIZE = 0x0
                0x00001000                __STACK_SIZE = 0x1000
                0x00040000                SRAM_SIZE = 0x40000
                0x40000000                SRAM_BASE_ADDR = 0x40000000

.rchw           0x00fa0000        0x4
 *(.rchw)
 .rchw          0x00fa0000        0x4 ./src/flashrchw.o
                0x00fa0000                RCHW1

.cpu0_reset_vector
                0x00fa0010        0x4
 *(.cpu0_reset_vector)
 .cpu0_reset_vector
                0x00fa0010        0x4 ./src/flashrchw.o
                0x00fa0010                RCHW2_0

.cpu1_reset_vector
                0x00fa0014        0x4
 *(.cpu1_reset_vector)
 .cpu1_reset_vector
                0x00fa0014        0x4 ./src/flashrchw.o
                0x00fa0014                RCHW2_1

.cpu2_reset_vector
                0x00fa0004        0x4
 *(.cpu2_reset_vector)
 .cpu2_reset_vector
                0x00fa0004        0x4 ./src/flashrchw.o
                0x00fa0004                RCHW2_2

.startup        0x01000000      0x26e
                0x01000000                __start = .
 *(.startup)
 .startup       0x01000000      0x26e ./Project_Settings/Startup_Code/startup.o
                0x01000000                _start

.core_exceptions_table
                0x01001000       0xf4
                0x01001000                __IVPR_VALUE = .
 *(.core_exceptions_table)
 .core_exceptions_table
                0x01001000       0xf4 ./src/Vector.o
                0x01001000                VTABLE
                0x01001000                IVOR0_Vector
                0x01001010                IVOR1_Vector
                0x01001020                IVOR2_Vector
                0x01001030                IVOR3_Vector
                0x01001040                IVOR4_Vector
                0x01001050                IVOR5_Vector
                0x01001060                IVOR6_Vector
                0x01001070                IVOR7_Vector
                0x01001080                IVOR8_Vector
                0x01001090                IVOR9_Vector
                0x010010a0                IVOR10_Vector
                0x010010b0                IVOR11_Vector
                0x010010c0                IVOR12_Vector
                0x010010d0                IVOR13_Vector
                0x010010e0                IVOR14_Vector
                0x010010f0                IVOR15_Vector

.intc_vector_table
                0x01002000      0xbc8
 *(.intc_vector_table)
 .intc_vector_table
                0x01002000      0xbc8 ./src/intc_SW_mode_isr_vectors_MPC5748G.o
                0x01002000                IntcIsrVectorTable

.text           0x01002bd0      0x960
 *(.text.startup)
 *(.text)
 .text          0x01002bd0      0x16c c:/nxp/s32ds_power_v1.2/cross_tools/powerpc-eabivle-4_9/bin/../lib/gcc/powerpc-eabivle/4.9.4/e200z4/fp/crtbegin.o
 *fill*         0x01002d3c        0x4 
 .text          0x01002d40       0x48 ./src/intc_sw_handlers.o
                0x01002d40                IVOR4_Handler
 .text          0x01002d88       0x60 ./src/adc_Z4_1.o
                0x01002d88                main
 .text          0x01002de8       0x4a c:/nxp/s32ds_power_v1.2/cross_tools/powerpc-eabivle-4_9/bin/../lib/gcc/powerpc-eabivle/4.9.4/e200z4/fp\libgcc.a(eabivle.o)
                0x01002de8                __eabi
 *fill*         0x01002e32        0x2 
 .text          0x01002e34       0x48 c:/nxp/s32ds_power_v1.2/cross_tools/powerpc-eabivle-4_9/bin/../lib/gcc/powerpc-eabivle/4.9.4/e200z4/fp/crtend.o
 *(.text.*)
 .text.PLL_160MHz
                0x01002e7c       0xb6 ./src/mode.o
                0x01002e7c                PLL_160MHz
 *fill*         0x01002f32        0x2 
 .text.system160mhz
                0x01002f34       0x9e ./src/mode.o
                0x01002f34                system160mhz
 *fill*         0x01002fd2        0x2 
 .text.dummy    0x01002fd4        0xc ./src/intc_SW_mode_isr_vectors_MPC5748G.o
                0x01002fd4                dummy
 .text.hw_init  0x01002fe0       0x68 ./src/adc_Z4_1.o
                0x01002fe0                hw_init
 .text.peri_clock_gating
                0x01003048       0x3c ./src/adc_Z4_1.o
                0x01003048                peri_clock_gating
 .text.LED_Config
                0x01003084       0xf4 ./src/adc_Z4_1.o
                0x01003084                LED_Config
 .text.update_LEDs
                0x01003178       0xf2 ./src/adc_Z4_1.o
                0x01003178                update_LEDs
 *fill*         0x0100326a        0x2 
 .text.ADC1_PadConfig_ChanSelect
                0x0100326c       0x38 ./src/adc.o
                0x0100326c                ADC1_PadConfig_ChanSelect
 .text.ADC1_Calibration
                0x010032a4       0xa6 ./src/adc.o
                0x010032a4                ADC1_Calibration
 *fill*         0x0100334a        0x2 
 .text.ADC1_Init
                0x0100334c       0x68 ./src/adc.o
                0x0100334c                ADC1_Init
 .text.ADC1_Read_Chan
                0x010033b4       0x56 ./src/adc.o
                0x010033b4                ADC1_Read_Chan
 *fill*         0x0100340a        0x2 
 .text.SetIVPR  0x0100340c       0x1a ./src/MPC57xx__Interrupt_Init.o
                0x0100340c                SetIVPR
 *fill*         0x01003426        0x2 
 .text.InitINTC
                0x01003428       0x68 ./src/MPC57xx__Interrupt_Init.o
                0x01003428                InitINTC
 .text.enableIrq
                0x01003490       0x36 ./src/MPC57xx__Interrupt_Init.o
                0x01003490                enableIrq
 *fill*         0x010034c6        0x2 
 .text.xcptn_xmpl
                0x010034c8       0x34 ./src/MPC57xx__Interrupt_Init.o
                0x010034c8                xcptn_xmpl
 *(.init)
 .init          0x010034fc        0xa c:/nxp/s32ds_power_v1.2/cross_tools/powerpc-eabivle-4_9/bin/../lib/gcc/powerpc-eabivle/4.9.4/e200z4/fp/ecrti.o
                0x010034fc                __init
 .init          0x01003506        0x4 c:/nxp/s32ds_power_v1.2/cross_tools/powerpc-eabivle-4_9/bin/../lib/gcc/powerpc-eabivle/4.9.4/e200z4/fp/crtbegin.o
 .init          0x0100350a        0x4 c:/nxp/s32ds_power_v1.2/cross_tools/powerpc-eabivle-4_9/bin/../lib/gcc/powerpc-eabivle/4.9.4/e200z4/fp/crtend.o
 .init          0x0100350e        0xa c:/nxp/s32ds_power_v1.2/cross_tools/powerpc-eabivle-4_9/bin/../lib/gcc/powerpc-eabivle/4.9.4/e200z4/fp/ecrtn.o
 *(.fini)
 .fini          0x01003518        0xa c:/nxp/s32ds_power_v1.2/cross_tools/powerpc-eabivle-4_9/bin/../lib/gcc/powerpc-eabivle/4.9.4/e200z4/fp/ecrti.o
                0x01003518                __fini
 .fini          0x01003522        0x4 c:/nxp/s32ds_power_v1.2/cross_tools/powerpc-eabivle-4_9/bin/../lib/gcc/powerpc-eabivle/4.9.4/e200z4/fp/crtbegin.o
 .fini          0x01003526        0xa c:/nxp/s32ds_power_v1.2/cross_tools/powerpc-eabivle-4_9/bin/../lib/gcc/powerpc-eabivle/4.9.4/e200z4/fp/ecrtn.o
                0x01003530                . = ALIGN (0x10)

.glink          0x01003530        0x0
 .glink         0x01003530        0x0 c:/nxp/s32ds_power_v1.2/cross_tools/powerpc-eabivle-4_9/bin/../lib/gcc/powerpc-eabivle/4.9.4/e200z4/fp/crtbegin.o

.ctors          0x01003530        0x8
                0x01003530                __CTOR_LIST__ = .
 *crtbegin.o(.ctors)
 .ctors         0x01003530        0x4 c:/nxp/s32ds_power_v1.2/cross_tools/powerpc-eabivle-4_9/bin/../lib/gcc/powerpc-eabivle/4.9.4/e200z4/fp/crtbegin.o
 *crtbegin?.o(.ctors)
 *(EXCLUDE_FILE(*crtend.o *crtend?.o) .ctors)
 .ctors         0x01003534        0x0 c:/nxp/s32ds_power_v1.2/cross_tools/powerpc-eabivle-4_9/bin/../lib/gcc/powerpc-eabivle/4.9.4/e200z4/fp/ecrti.o
 .ctors         0x01003534        0x0 c:/nxp/s32ds_power_v1.2/cross_tools/powerpc-eabivle-4_9/bin/../lib/gcc/powerpc-eabivle/4.9.4/e200z4/fp/ecrtn.o
 *(SORT(.ctors.*))
 *(.ctors)
 .ctors         0x01003534        0x4 c:/nxp/s32ds_power_v1.2/cross_tools/powerpc-eabivle-4_9/bin/../lib/gcc/powerpc-eabivle/4.9.4/e200z4/fp/crtend.o
                0x01003538                __CTOR_END__ = .

.dtors          0x01003538        0x8
                0x01003538                __DTOR_LIST__ = .
 *crtbegin.o(.dtors)
 .dtors         0x01003538        0x4 c:/nxp/s32ds_power_v1.2/cross_tools/powerpc-eabivle-4_9/bin/../lib/gcc/powerpc-eabivle/4.9.4/e200z4/fp/crtbegin.o
 *crtbegin?.o(.dtors)
 *(EXCLUDE_FILE(*crtend.o *crtend?.o) .dtors)
 .dtors         0x0100353c        0x0 c:/nxp/s32ds_power_v1.2/cross_tools/powerpc-eabivle-4_9/bin/../lib/gcc/powerpc-eabivle/4.9.4/e200z4/fp/ecrti.o
 .dtors         0x0100353c        0x0 c:/nxp/s32ds_power_v1.2/cross_tools/powerpc-eabivle-4_9/bin/../lib/gcc/powerpc-eabivle/4.9.4/e200z4/fp/ecrtn.o
 *(SORT(.dtors.*))
 *(.dtors)
 .dtors         0x0100353c        0x4 c:/nxp/s32ds_power_v1.2/cross_tools/powerpc-eabivle-4_9/bin/../lib/gcc/powerpc-eabivle/4.9.4/e200z4/fp/crtend.o
                0x01003540                __DTOR_END__ = .

.preinit_array  0x01003540        0x0
                [!provide]                PROVIDE (__preinit_array_start, .)
 *(.preinit_array*)
                [!provide]                PROVIDE (__preinit_array_end, .)

.init_array     0x01003540        0x0
                [!provide]                PROVIDE (__init_array_start, .)
 *(SORT(.init_array.*))
 *(.init_array*)
                [!provide]                PROVIDE (__init_array_end, .)

.fini_array     0x01003540        0x0
                [!provide]                PROVIDE (__fini_array_start, .)
 *(SORT(.fini_array.*))
 *(.fini_array*)
                [!provide]                PROVIDE (__fini_array_end, .)

.rodata
 *(.rodata)
 *(.rodata.*)

.eh_frame_hdr
 *(.eh_frame_hdr)

.eh_frame       0x01003540        0x8
 *(.eh_frame)
 .eh_frame      0x01003540        0x0 c:/nxp/s32ds_power_v1.2/cross_tools/powerpc-eabivle-4_9/bin/../lib/gcc/powerpc-eabivle/4.9.4/e200z4/fp/ecrti.o
                0x01003540                __EH_FRAME_BEGIN__
 .eh_frame      0x01003540        0x0 c:/nxp/s32ds_power_v1.2/cross_tools/powerpc-eabivle-4_9/bin/../lib/gcc/powerpc-eabivle/4.9.4/e200z4/fp/crtbegin.o
 .eh_frame      0x01003540        0x0 c:/nxp/s32ds_power_v1.2/cross_tools/powerpc-eabivle-4_9/bin/../lib/gcc/powerpc-eabivle/4.9.4/e200z4/fp/crtbegin.o
 .eh_frame      0x01003540        0x4 c:/nxp/s32ds_power_v1.2/cross_tools/powerpc-eabivle-4_9/bin/../lib/gcc/powerpc-eabivle/4.9.4/e200z4/fp/crtend.o
 .eh_frame      0x01003544        0x4 c:/nxp/s32ds_power_v1.2/cross_tools/powerpc-eabivle-4_9/bin/../lib/gcc/powerpc-eabivle/4.9.4/e200z4/fp/ecrtn.o
                0x01003544                __EH_FRAME_END__

.data           0x40000000        0x4 load address 0x01003548
 *(.data)
 .data          0x40000000        0x4 c:/nxp/s32ds_power_v1.2/cross_tools/powerpc-eabivle-4_9/bin/../lib/gcc/powerpc-eabivle/4.9.4/e200z4/fp\libgcc.a(eabivle.o)
 *(.data.*)

.jcr            0x40000004        0x0 load address 0x0100354c
 .jcr           0x40000004        0x0 c:/nxp/s32ds_power_v1.2/cross_tools/powerpc-eabivle-4_9/bin/../lib/gcc/powerpc-eabivle/4.9.4/e200z4/fp/crtbegin.o

.tm_clone_table
                0x40000004        0x0 load address 0x0100354c
 .tm_clone_table
                0x40000004        0x0 c:/nxp/s32ds_power_v1.2/cross_tools/powerpc-eabivle-4_9/bin/../lib/gcc/powerpc-eabivle/4.9.4/e200z4/fp/crtbegin.o
 .tm_clone_table
                0x40000004        0x0 c:/nxp/s32ds_power_v1.2/cross_tools/powerpc-eabivle-4_9/bin/../lib/gcc/powerpc-eabivle/4.9.4/e200z4/fp/crtend.o

.got2           0x40000004       0x1c load address 0x0100354c
 .got2          0x40000004       0x1c c:/nxp/s32ds_power_v1.2/cross_tools/powerpc-eabivle-4_9/bin/../lib/gcc/powerpc-eabivle/4.9.4/e200z4/fp\libgcc.a(eabivle.o)

.sdata2         0x40000020        0x0 load address 0x01003568
 *(.sdata2)
 .sdata2        0x40000020        0x0 c:/nxp/s32ds_power_v1.2/cross_tools/powerpc-eabivle-4_9/bin/../lib/gcc/powerpc-eabivle/4.9.4/e200z4/fp/ecrti.o
 .sdata2        0x40000020        0x0 c:/nxp/s32ds_power_v1.2/cross_tools/powerpc-eabivle-4_9/bin/../lib/gcc/powerpc-eabivle/4.9.4/e200z4/fp/crtbegin.o
 *(.sdata2.*)

.sbss2          0x40000020        0x0 load address 0x01003568
 *(.sbss2)
 .sbss2         0x40000020        0x0 c:/nxp/s32ds_power_v1.2/cross_tools/powerpc-eabivle-4_9/bin/../lib/gcc/powerpc-eabivle/4.9.4/e200z4/fp/ecrtn.o
 *(.sbss2.*)

.rela.dyn       0x40000020        0x0 load address 0x01003568
 .rela.iplt     0x40000020        0x0 c:/nxp/s32ds_power_v1.2/cross_tools/powerpc-eabivle-4_9/bin/../lib/gcc/powerpc-eabivle/4.9.4/e200z4/fp/crtbegin.o
 .rela.text     0x40000020        0x0 c:/nxp/s32ds_power_v1.2/cross_tools/powerpc-eabivle-4_9/bin/../lib/gcc/powerpc-eabivle/4.9.4/e200z4/fp/crtbegin.o
 .rela.text.update_LEDs
                0x40000020        0x0 c:/nxp/s32ds_power_v1.2/cross_tools/powerpc-eabivle-4_9/bin/../lib/gcc/powerpc-eabivle/4.9.4/e200z4/fp/crtbegin.o
 .rela.text.ADC1_Read_Chan
                0x40000020        0x0 c:/nxp/s32ds_power_v1.2/cross_tools/powerpc-eabivle-4_9/bin/../lib/gcc/powerpc-eabivle/4.9.4/e200z4/fp/crtbegin.o
 .rela.got2     0x40000020        0x0 c:/nxp/s32ds_power_v1.2/cross_tools/powerpc-eabivle-4_9/bin/../lib/gcc/powerpc-eabivle/4.9.4/e200z4/fp/crtbegin.o

.sdata          0x40000020        0x0 load address 0x01003568
 *(.sdata)
 .sdata         0x40000020        0x0 c:/nxp/s32ds_power_v1.2/cross_tools/powerpc-eabivle-4_9/bin/../lib/gcc/powerpc-eabivle/4.9.4/e200z4/fp/ecrti.o
 .sdata         0x40000020        0x0 c:/nxp/s32ds_power_v1.2/cross_tools/powerpc-eabivle-4_9/bin/../lib/gcc/powerpc-eabivle/4.9.4/e200z4/fp/crtbegin.o
 *(.sdata.*)

.bss            0x40000020       0x24 load address 0x01003568
                0x40000020                __BSS_START = .
 *(.sbss)
 .sbss          0x40000020        0x0 c:/nxp/s32ds_power_v1.2/cross_tools/powerpc-eabivle-4_9/bin/../lib/gcc/powerpc-eabivle/4.9.4/e200z4/fp/crtbegin.o
 .sbss          0x40000020        0x4 ./src/adc.o
                0x40000020                Result
                0x40000022                ResultInMv
 .sbss          0x40000024        0x0 c:/nxp/s32ds_power_v1.2/cross_tools/powerpc-eabivle-4_9/bin/../lib/gcc/powerpc-eabivle/4.9.4/e200z4/fp/ecrtn.o
                0x40000024                __SBSS_END__
 *(.sbss.*)
 *(.bss)
 .bss           0x40000024       0x20 c:/nxp/s32ds_power_v1.2/cross_tools/powerpc-eabivle-4_9/bin/../lib/gcc/powerpc-eabivle/4.9.4/e200z4/fp/crtbegin.o
 *(.bss.*)
 *(COMMON)
                0x40000044                __BSS_END = .

.iplt           0x40000050        0x0 load address 0x01003568
 .iplt          0x40000050        0x0 c:/nxp/s32ds_power_v1.2/cross_tools/powerpc-eabivle-4_9/bin/../lib/gcc/powerpc-eabivle/4.9.4/e200z4/fp/crtbegin.o

.stack          0x40000050     0x1004 load address 0x01003570
                0x40000050                __HEAP = .
                [!provide]                PROVIDE (_end, .)
                [!provide]                PROVIDE (end, .)
                0x40000050                . = (. + __HEAP_SIZE)
                0x40000050                __HEAP_END = .
                0x40000050                _stack_end = .
                0x40001050                . = (. + __STACK_SIZE)
 *fill*         0x40000050     0x1000 
                0x40001050                _stack_addr = .
                0x40001050                __SP_INIT = .
                0x40001054                . = (. + 0x4)
 *fill*         0x40001050        0x4 
                0x40000000                __DATA_SRAM_ADDR = ADDR (.data)
                0x40000020                __SDATA_SRAM_ADDR = ADDR (.sdata)
                0x00000004                __DATA_SIZE = SIZEOF (.data)
                0x00000000                __SDATA_SIZE = SIZEOF (.sdata)
                0x01003548                __DATA_ROM_ADDR = LOADADDR (.data)
                0x01003568                __SDATA_ROM_ADDR = LOADADDR (.sdata)
                0x00040000                __SRAM_SIZE = SRAM_SIZE
                0x40000000                __SRAM_BASE_ADDR = SRAM_BASE_ADDR
                0x00000024                __BSS_SIZE = (__BSS_END - __BSS_START)
OUTPUT(adc_Z4_1.elf elf32-powerpc)

.PPC.EMB.apuinfo
                0x00000000       0x18
 .PPC.EMB.apuinfo
                0x00000000       0x18 c:/nxp/s32ds_power_v1.2/cross_tools/powerpc-eabivle-4_9/bin/../lib/gcc/powerpc-eabivle/4.9.4/e200z4/fp/ecrti.o
 .PPC.EMB.apuinfo
                0x00000018       0x18 c:/nxp/s32ds_power_v1.2/cross_tools/powerpc-eabivle-4_9/bin/../lib/gcc/powerpc-eabivle/4.9.4/e200z4/fp/crtbegin.o
 .PPC.EMB.apuinfo
                0x00000030       0x18 ./Project_Settings/Startup_Code/startup.o
 .PPC.EMB.apuinfo
                0x00000048       0x18 ./src/mode.o
 .PPC.EMB.apuinfo
                0x00000060       0x18 ./src/intc_sw_handlers.o
 .PPC.EMB.apuinfo
                0x00000078       0x18 ./src/intc_SW_mode_isr_vectors_MPC5748G.o
 .PPC.EMB.apuinfo
                0x00000090       0x18 ./src/adc_Z4_1.o
 .PPC.EMB.apuinfo
                0x000000a8       0x18 ./src/adc.o
 .PPC.EMB.apuinfo
                0x000000c0       0x18 ./src/Vector.o
 .PPC.EMB.apuinfo
                0x000000d8       0x18 ./src/MPC57xx__Interrupt_Init.o
 .PPC.EMB.apuinfo
                0x000000f0       0x18 c:/nxp/s32ds_power_v1.2/cross_tools/powerpc-eabivle-4_9/bin/../lib/gcc/powerpc-eabivle/4.9.4/e200z4/fp\libgcc.a(eabivle.o)
 .PPC.EMB.apuinfo
                0x00000108       0x18 c:/nxp/s32ds_power_v1.2/cross_tools/powerpc-eabivle-4_9/bin/../lib/gcc/powerpc-eabivle/4.9.4/e200z4/fp/crtend.o
 .PPC.EMB.apuinfo
                0x00000120       0x18 c:/nxp/s32ds_power_v1.2/cross_tools/powerpc-eabivle-4_9/bin/../lib/gcc/powerpc-eabivle/4.9.4/e200z4/fp/ecrtn.o

.comment        0x00000000       0x8e
 .comment       0x00000000       0x8e ./src/mode.o
                                 0x8f (size before relaxing)
 .comment       0x0000008e       0x8f ./src/intc_SW_mode_isr_vectors_MPC5748G.o
 .comment       0x0000008e       0x8f ./src/flashrchw.o
 .comment       0x0000008e       0x8f ./src/adc_Z4_1.o
 .comment       0x0000008e       0x8f ./src/adc.o
 .comment       0x0000008e       0x8f ./src/Vector.o
 .comment       0x0000008e       0x8f ./src/MPC57xx__Interrupt_Init.o

.debug_line     0x00000000      0xe3c
 .debug_line    0x00000000       0xf6 ./Project_Settings/Startup_Code/startup.o
 .debug_line    0x000000f6      0x216 ./src/mode.o
 .debug_line    0x0000030c       0x5d ./src/intc_sw_handlers.o
 .debug_line    0x00000369      0x1d7 ./src/intc_SW_mode_isr_vectors_MPC5748G.o
 .debug_line    0x00000540      0x1aa ./src/flashrchw.o
 .debug_line    0x000006ea      0x268 ./src/adc_Z4_1.o
 .debug_line    0x00000952      0x224 ./src/adc.o
 .debug_line    0x00000b76       0x9c ./src/Vector.o
 .debug_line    0x00000c12      0x22a ./src/MPC57xx__Interrupt_Init.o

.debug_info     0x00000000     0xe0e8
 .debug_info    0x00000000       0x82 ./Project_Settings/Startup_Code/startup.o
 .debug_info    0x00000082     0x21f7 ./src/mode.o
 .debug_info    0x00002279       0x71 ./src/intc_sw_handlers.o
 .debug_info    0x000022ea       0xb4 ./src/intc_SW_mode_isr_vectors_MPC5748G.o
 .debug_info    0x0000239e       0xb5 ./src/flashrchw.o
 .debug_info    0x00002453     0x644f ./src/adc_Z4_1.o
 .debug_info    0x000088a2     0x5367 ./src/adc.o
 .debug_info    0x0000dc09       0x21 ./src/Vector.o
 .debug_info    0x0000dc2a      0x4be ./src/MPC57xx__Interrupt_Init.o

.debug_abbrev   0x00000000      0x736
 .debug_abbrev  0x00000000       0x14 ./Project_Settings/Startup_Code/startup.o
 .debug_abbrev  0x00000014      0x137 ./src/mode.o
 .debug_abbrev  0x0000014b       0x14 ./src/intc_sw_handlers.o
 .debug_abbrev  0x0000015f       0x7c ./src/intc_SW_mode_isr_vectors_MPC5748G.o
 .debug_abbrev  0x000001db       0x4e ./src/flashrchw.o
 .debug_abbrev  0x00000229      0x1e2 ./src/adc_Z4_1.o
 .debug_abbrev  0x0000040b      0x1c8 ./src/adc.o
 .debug_abbrev  0x000005d3       0x13 ./src/Vector.o
 .debug_abbrev  0x000005e6      0x150 ./src/MPC57xx__Interrupt_Init.o

.debug_aranges  0x00000000      0x170
 .debug_aranges
                0x00000000       0x20 ./Project_Settings/Startup_Code/startup.o
 .debug_aranges
                0x00000020       0x30 ./src/mode.o
 .debug_aranges
                0x00000050       0x20 ./src/intc_sw_handlers.o
 .debug_aranges
                0x00000070       0x20 ./src/intc_SW_mode_isr_vectors_MPC5748G.o
 .debug_aranges
                0x00000090       0x18 ./src/flashrchw.o
 .debug_aranges
                0x000000a8       0x40 ./src/adc_Z4_1.o
 .debug_aranges
                0x000000e8       0x38 ./src/adc.o
 .debug_aranges
                0x00000120       0x18 ./src/Vector.o
 .debug_aranges
                0x00000138       0x38 ./src/MPC57xx__Interrupt_Init.o

.debug_ranges   0x00000000       0xb0
 .debug_ranges  0x00000000       0x20 ./src/mode.o
 .debug_ranges  0x00000020       0x10 ./src/intc_SW_mode_isr_vectors_MPC5748G.o
 .debug_ranges  0x00000030       0x30 ./src/adc_Z4_1.o
 .debug_ranges  0x00000060       0x28 ./src/adc.o
 .debug_ranges  0x00000088       0x28 ./src/MPC57xx__Interrupt_Init.o

.debug_macro    0x00000000    0x19ea2
 .debug_macro   0x00000000       0xba ./src/mode.o
 .debug_macro   0x000000ba      0x628 ./src/mode.o
 .debug_macro   0x000006e2       0x52 ./src/mode.o
 .debug_macro   0x00000734       0xa0 ./src/mode.o
 .debug_macro   0x000007d4       0x16 ./src/mode.o
 .debug_macro   0x000007ea       0x64 ./src/mode.o
 .debug_macro   0x0000084e      0x1a3 ./src/mode.o
 .debug_macro   0x000009f1      0x133 ./src/mode.o
 .debug_macro   0x00000b24       0x9d ./src/mode.o
 .debug_macro   0x00000bc1       0x10 ./src/mode.o
 .debug_macro   0x00000bd1      0x15b ./src/mode.o
 .debug_macro   0x00000d2c       0x28 ./src/mode.o
 .debug_macro   0x00000d54       0x58 ./src/mode.o
 .debug_macro   0x00000dac    0x1814c ./src/mode.o
 .debug_macro   0x00018ef8      0xb67 ./src/mode.o
 .debug_macro   0x00019a5f       0xa1 ./src/intc_SW_mode_isr_vectors_MPC5748G.o
 .debug_macro   0x00019b00       0xd1 ./src/flashrchw.o
 .debug_macro   0x00019bd1       0xea ./src/adc_Z4_1.o
 .debug_macro   0x00019cbb       0xca ./src/adc.o
 .debug_macro   0x00019d85       0x44 ./src/Vector.o
 .debug_macro   0x00019dc9       0xd9 ./src/MPC57xx__Interrupt_Init.o

.debug_str      0x00000000    0x6aaf7
 .debug_str     0x00000000    0x68ac0 ./src/mode.o
                              0x68b88 (size before relaxing)
 .debug_str     0x00068ac0       0x44 ./src/intc_SW_mode_isr_vectors_MPC5748G.o
                               0x3aa1 (size before relaxing)
 .debug_str     0x00068b04      0x11c ./src/flashrchw.o
                               0x3b70 (size before relaxing)
 .debug_str     0x00068c20     0x1b89 ./src/adc_Z4_1.o
                              0x6a4f1 (size before relaxing)
 .debug_str     0x0006a7a9       0x82 ./src/adc.o
                              0x6a091 (size before relaxing)
 .debug_str     0x0006a82b       0x9b ./src/Vector.o
                               0x23fe (size before relaxing)
 .debug_str     0x0006a8c6      0x231 ./src/MPC57xx__Interrupt_Init.o
                              0x67522 (size before relaxing)

.debug_frame    0x00000000      0x2a8
 .debug_frame   0x00000000       0x80 ./src/mode.o
 .debug_frame   0x00000080       0x2c ./src/intc_SW_mode_isr_vectors_MPC5748G.o
 .debug_frame   0x000000ac       0xbc ./src/adc_Z4_1.o
 .debug_frame   0x00000168       0xa0 ./src/adc.o
 .debug_frame   0x00000208       0xa0 ./src/MPC57xx__Interrupt_Init.o
