Archive member included to satisfy reference by file (symbol)

c:/nxp/s32ds_power_v1.2/cross_tools/powerpc-eabivle-4_9/bin/../lib/gcc/powerpc-eabivle/4.9.4/e200z2\libgcc.a(eabivle.o)
                              ./src/adc_Z2_3.o (__eabi)

Discarded input sections

 .text          0x00000000        0x0 c:/nxp/s32ds_power_v1.2/cross_tools/powerpc-eabivle-4_9/bin/../lib/gcc/powerpc-eabivle/4.9.4/e200z2/ecrti.o
 .data          0x00000000        0x0 c:/nxp/s32ds_power_v1.2/cross_tools/powerpc-eabivle-4_9/bin/../lib/gcc/powerpc-eabivle/4.9.4/e200z2/ecrti.o
 .bss           0x00000000        0x0 c:/nxp/s32ds_power_v1.2/cross_tools/powerpc-eabivle-4_9/bin/../lib/gcc/powerpc-eabivle/4.9.4/e200z2/ecrti.o
 .fixup         0x00000000        0x0 c:/nxp/s32ds_power_v1.2/cross_tools/powerpc-eabivle-4_9/bin/../lib/gcc/powerpc-eabivle/4.9.4/e200z2/ecrti.o
 .sbss          0x00000000        0x0 c:/nxp/s32ds_power_v1.2/cross_tools/powerpc-eabivle-4_9/bin/../lib/gcc/powerpc-eabivle/4.9.4/e200z2/ecrti.o
 .sbss2         0x00000000        0x0 c:/nxp/s32ds_power_v1.2/cross_tools/powerpc-eabivle-4_9/bin/../lib/gcc/powerpc-eabivle/4.9.4/e200z2/ecrti.o
 .gcc_except_table
                0x00000000        0x0 c:/nxp/s32ds_power_v1.2/cross_tools/powerpc-eabivle-4_9/bin/../lib/gcc/powerpc-eabivle/4.9.4/e200z2/ecrti.o
 .data          0x00000000        0x4 c:/nxp/s32ds_power_v1.2/cross_tools/powerpc-eabivle-4_9/bin/../lib/gcc/powerpc-eabivle/4.9.4/e200z2/crtbegin.o
 .text          0x00000000        0x0 ./Project_Settings/Startup_Code/startup.o
 .data          0x00000000        0x0 ./Project_Settings/Startup_Code/startup.o
 .bss           0x00000000        0x0 ./Project_Settings/Startup_Code/startup.o
 .data          0x00000000        0x0 ./src/intc_sw_handlers.o
 .bss           0x00000000        0x0 ./src/intc_sw_handlers.o
 .group         0x00000000        0x8 ./src/intc_SW_mode_isr_vectors_MPC5748G.o
 .group         0x00000000        0x8 ./src/intc_SW_mode_isr_vectors_MPC5748G.o
 .group         0x00000000        0x8 ./src/intc_SW_mode_isr_vectors_MPC5748G.o
 .group         0x00000000        0x8 ./src/intc_SW_mode_isr_vectors_MPC5748G.o
 .group         0x00000000        0x8 ./src/intc_SW_mode_isr_vectors_MPC5748G.o
 .group         0x00000000        0x8 ./src/intc_SW_mode_isr_vectors_MPC5748G.o
 .group         0x00000000        0x8 ./src/intc_SW_mode_isr_vectors_MPC5748G.o
 .group         0x00000000        0x8 ./src/intc_SW_mode_isr_vectors_MPC5748G.o
 .group         0x00000000        0x8 ./src/intc_SW_mode_isr_vectors_MPC5748G.o
 .group         0x00000000        0x8 ./src/intc_SW_mode_isr_vectors_MPC5748G.o
 .group         0x00000000        0x8 ./src/intc_SW_mode_isr_vectors_MPC5748G.o
 .group         0x00000000        0x8 ./src/intc_SW_mode_isr_vectors_MPC5748G.o
 .text          0x00000000        0x0 ./src/intc_SW_mode_isr_vectors_MPC5748G.o
 .data          0x00000000        0x0 ./src/intc_SW_mode_isr_vectors_MPC5748G.o
 .bss           0x00000000        0x0 ./src/intc_SW_mode_isr_vectors_MPC5748G.o
 .group         0x00000000        0x8 ./src/adc_Z2_3.o
 .group         0x00000000        0x8 ./src/adc_Z2_3.o
 .group         0x00000000        0x8 ./src/adc_Z2_3.o
 .group         0x00000000        0x8 ./src/adc_Z2_3.o
 .group         0x00000000        0x8 ./src/adc_Z2_3.o
 .group         0x00000000        0x8 ./src/adc_Z2_3.o
 .group         0x00000000        0x8 ./src/adc_Z2_3.o
 .group         0x00000000        0x8 ./src/adc_Z2_3.o
 .group         0x00000000        0x8 ./src/adc_Z2_3.o
 .group         0x00000000        0x8 ./src/adc_Z2_3.o
 .group         0x00000000        0x8 ./src/adc_Z2_3.o
 .group         0x00000000        0x8 ./src/adc_Z2_3.o
 .group         0x00000000        0x8 ./src/adc_Z2_3.o
 .data          0x00000000        0x0 ./src/adc_Z2_3.o
 .bss           0x00000000        0x0 ./src/adc_Z2_3.o
 .debug_macro   0x00000000      0x57a ./src/adc_Z2_3.o
 .debug_macro   0x00000000       0x52 ./src/adc_Z2_3.o
 .debug_macro   0x00000000       0xa0 ./src/adc_Z2_3.o
 .debug_macro   0x00000000       0x16 ./src/adc_Z2_3.o
 .debug_macro   0x00000000       0x64 ./src/adc_Z2_3.o
 .debug_macro   0x00000000      0x1a3 ./src/adc_Z2_3.o
 .debug_macro   0x00000000      0x133 ./src/adc_Z2_3.o
 .debug_macro   0x00000000       0x9d ./src/adc_Z2_3.o
 .debug_macro   0x00000000       0x10 ./src/adc_Z2_3.o
 .debug_macro   0x00000000      0x15b ./src/adc_Z2_3.o
 .debug_macro   0x00000000       0x28 ./src/adc_Z2_3.o
 .debug_macro   0x00000000       0x58 ./src/adc_Z2_3.o
 .group         0x00000000        0x8 ./src/Vector.o
 .group         0x00000000        0x8 ./src/Vector.o
 .group         0x00000000        0x8 ./src/Vector.o
 .group         0x00000000        0x8 ./src/Vector.o
 .text          0x00000000        0x0 ./src/Vector.o
 .data          0x00000000        0x0 ./src/Vector.o
 .bss           0x00000000        0x0 ./src/Vector.o
 .debug_macro   0x00000000      0x57a ./src/Vector.o
 .debug_macro   0x00000000       0x52 ./src/Vector.o
 .debug_macro   0x00000000       0xa0 ./src/Vector.o
 .debug_macro   0x00000000       0x16 ./src/Vector.o
 .group         0x00000000        0x8 ./src/MPC57xx__Interrupt_Init.o
 .group         0x00000000        0x8 ./src/MPC57xx__Interrupt_Init.o
 .group         0x00000000        0x8 ./src/MPC57xx__Interrupt_Init.o
 .group         0x00000000        0x8 ./src/MPC57xx__Interrupt_Init.o
 .group         0x00000000        0x8 ./src/MPC57xx__Interrupt_Init.o
 .group         0x00000000        0x8 ./src/MPC57xx__Interrupt_Init.o
 .group         0x00000000        0x8 ./src/MPC57xx__Interrupt_Init.o
 .group         0x00000000        0x8 ./src/MPC57xx__Interrupt_Init.o
 .group         0x00000000        0x8 ./src/MPC57xx__Interrupt_Init.o
 .group         0x00000000        0x8 ./src/MPC57xx__Interrupt_Init.o
 .group         0x00000000        0x8 ./src/MPC57xx__Interrupt_Init.o
 .group         0x00000000        0x8 ./src/MPC57xx__Interrupt_Init.o
 .group         0x00000000        0x8 ./src/MPC57xx__Interrupt_Init.o
 .text          0x00000000        0x0 ./src/MPC57xx__Interrupt_Init.o
 .data          0x00000000        0x0 ./src/MPC57xx__Interrupt_Init.o
 .bss           0x00000000        0x0 ./src/MPC57xx__Interrupt_Init.o
 .debug_macro   0x00000000      0x57a ./src/MPC57xx__Interrupt_Init.o
 .debug_macro   0x00000000       0x52 ./src/MPC57xx__Interrupt_Init.o
 .debug_macro   0x00000000       0xa0 ./src/MPC57xx__Interrupt_Init.o
 .debug_macro   0x00000000       0x16 ./src/MPC57xx__Interrupt_Init.o
 .debug_macro   0x00000000       0x64 ./src/MPC57xx__Interrupt_Init.o
 .debug_macro   0x00000000      0x1a3 ./src/MPC57xx__Interrupt_Init.o
 .debug_macro   0x00000000      0x133 ./src/MPC57xx__Interrupt_Init.o
 .debug_macro   0x00000000       0x9d ./src/MPC57xx__Interrupt_Init.o
 .debug_macro   0x00000000       0x10 ./src/MPC57xx__Interrupt_Init.o
 .debug_macro   0x00000000      0x15b ./src/MPC57xx__Interrupt_Init.o
 .debug_macro   0x00000000       0x28 ./src/MPC57xx__Interrupt_Init.o
 .debug_macro   0x00000000       0x58 ./src/MPC57xx__Interrupt_Init.o
 .debug_macro   0x00000000    0x1814c ./src/MPC57xx__Interrupt_Init.o
 .bss           0x00000000        0x0 c:/nxp/s32ds_power_v1.2/cross_tools/powerpc-eabivle-4_9/bin/../lib/gcc/powerpc-eabivle/4.9.4/e200z2\libgcc.a(eabivle.o)
 .data          0x00000000        0x0 c:/nxp/s32ds_power_v1.2/cross_tools/powerpc-eabivle-4_9/bin/../lib/gcc/powerpc-eabivle/4.9.4/e200z2/crtend.o
 .bss           0x00000000        0x0 c:/nxp/s32ds_power_v1.2/cross_tools/powerpc-eabivle-4_9/bin/../lib/gcc/powerpc-eabivle/4.9.4/e200z2/crtend.o
 .jcr           0x00000000        0x4 c:/nxp/s32ds_power_v1.2/cross_tools/powerpc-eabivle-4_9/bin/../lib/gcc/powerpc-eabivle/4.9.4/e200z2/crtend.o
 .text          0x00000000        0x0 c:/nxp/s32ds_power_v1.2/cross_tools/powerpc-eabivle-4_9/bin/../lib/gcc/powerpc-eabivle/4.9.4/e200z2/ecrtn.o
 .data          0x00000000        0x0 c:/nxp/s32ds_power_v1.2/cross_tools/powerpc-eabivle-4_9/bin/../lib/gcc/powerpc-eabivle/4.9.4/e200z2/ecrtn.o
 .bss           0x00000000        0x0 c:/nxp/s32ds_power_v1.2/cross_tools/powerpc-eabivle-4_9/bin/../lib/gcc/powerpc-eabivle/4.9.4/e200z2/ecrtn.o
 .fixup         0x00000000        0x0 c:/nxp/s32ds_power_v1.2/cross_tools/powerpc-eabivle-4_9/bin/../lib/gcc/powerpc-eabivle/4.9.4/e200z2/ecrtn.o
 .sdata         0x00000000        0x0 c:/nxp/s32ds_power_v1.2/cross_tools/powerpc-eabivle-4_9/bin/../lib/gcc/powerpc-eabivle/4.9.4/e200z2/ecrtn.o
 .sdata2        0x00000000        0x0 c:/nxp/s32ds_power_v1.2/cross_tools/powerpc-eabivle-4_9/bin/../lib/gcc/powerpc-eabivle/4.9.4/e200z2/ecrtn.o
 .gcc_except_table
                0x00000000        0x0 c:/nxp/s32ds_power_v1.2/cross_tools/powerpc-eabivle-4_9/bin/../lib/gcc/powerpc-eabivle/4.9.4/e200z2/ecrtn.o

Memory Configuration

Name             Origin             Length             Attributes
flash_rchw       0x00fa0000         0x00000004
cpu0_reset_vec   0x00fa0010         0x00000004
cpu1_reset_vec   0x00fa0014         0x00000004
cpu2_reset_vec   0x00fa0004         0x00000004
m_text           0x013a0000         0x001d0000
m_data           0x40080000         0x00040000
*default*        0x00000000         0xffffffff

Linker script and memory map

LOAD c:/nxp/s32ds_power_v1.2/cross_tools/powerpc-eabivle-4_9/bin/../lib/gcc/powerpc-eabivle/4.9.4/e200z2/ecrti.o
LOAD c:/nxp/s32ds_power_v1.2/cross_tools/powerpc-eabivle-4_9/bin/../lib/gcc/powerpc-eabivle/4.9.4/e200z2/crtbegin.o
LOAD ./Project_Settings/Startup_Code/startup.o
LOAD ./src/intc_sw_handlers.o
LOAD ./src/intc_SW_mode_isr_vectors_MPC5748G.o
LOAD ./src/adc_Z2_3.o
LOAD ./src/Vector.o
LOAD ./src/MPC57xx__Interrupt_Init.o
START GROUP
LOAD C:/NXP/S32DS_Power_v1.2/S32DS/e200_ewl2/lib/e200z2\libc99.a
LOAD C:/NXP/S32DS_Power_v1.2/S32DS/e200_ewl2/lib/e200z2\libm.a
LOAD c:/nxp/s32ds_power_v1.2/cross_tools/powerpc-eabivle-4_9/bin/../lib/gcc/powerpc-eabivle/4.9.4/e200z2\libgcc.a
LOAD C:/NXP/S32DS_Power_v1.2/S32DS/e200_ewl2/lib/e200z2\librt.a
END GROUP
LOAD c:/nxp/s32ds_power_v1.2/cross_tools/powerpc-eabivle-4_9/bin/../lib/gcc/powerpc-eabivle/4.9.4/e200z2/crtend.o
LOAD c:/nxp/s32ds_power_v1.2/cross_tools/powerpc-eabivle-4_9/bin/../lib/gcc/powerpc-eabivle/4.9.4/e200z2/ecrtn.o
                0x00000000                __HEAP_SIZE = 0x0
                0x00001000                __STACK_SIZE = 0x1000
                0x00040000                SRAM_SIZE = 0x40000
                0x40080000                SRAM_BASE_ADDR = 0x40080000

.rchw
 *(.rchw)

.cpu0_reset_vector
 *(.cpu0_reset_vector)

.cpu1_reset_vector
 *(.cpu1_reset_vector)

.cpu2_reset_vector
 *(.cpu2_reset_vector)

.startup        0x013a0000      0x1b6
                0x013a0000                __start = .
 *(.startup)
 .startup       0x013a0000      0x1b6 ./Project_Settings/Startup_Code/startup.o
                0x013a0000                _start

.core_exceptions_table
                0x013a1000       0xf4
                0x013a1000                __IVPR_VALUE = .
 *(.core_exceptions_table)
 .core_exceptions_table
                0x013a1000       0xf4 ./src/Vector.o
                0x013a1000                VTABLE
                0x013a1000                IVOR0_Vector
                0x013a1010                IVOR1_Vector
                0x013a1020                IVOR2_Vector
                0x013a1030                IVOR3_Vector
                0x013a1040                IVOR4_Vector
                0x013a1050                IVOR5_Vector
                0x013a1060                IVOR6_Vector
                0x013a1070                IVOR7_Vector
                0x013a1080                IVOR8_Vector
                0x013a1090                IVOR9_Vector
                0x013a10a0                IVOR10_Vector
                0x013a10b0                IVOR11_Vector
                0x013a10c0                IVOR12_Vector
                0x013a10d0                IVOR13_Vector
                0x013a10e0                IVOR14_Vector
                0x013a10f0                IVOR15_Vector

.intc_vector_table
                0x013a2000      0xbc8
 *(.intc_vector_table)
 .intc_vector_table
                0x013a2000      0xbc8 ./src/intc_SW_mode_isr_vectors_MPC5748G.o
                0x013a2000                IntcIsrVectorTable

.text           0x013a2bd0      0x3a0
 *(.text.startup)
 *(.text)
 .text          0x013a2bd0      0x16c c:/nxp/s32ds_power_v1.2/cross_tools/powerpc-eabivle-4_9/bin/../lib/gcc/powerpc-eabivle/4.9.4/e200z2/crtbegin.o
 *fill*         0x013a2d3c        0x4 
 .text          0x013a2d40       0x48 ./src/intc_sw_handlers.o
                0x013a2d40                IVOR4_Handler
 .text          0x013a2d88       0x22 ./src/adc_Z2_3.o
                0x013a2d88                main
 .text          0x013a2daa       0x4a c:/nxp/s32ds_power_v1.2/cross_tools/powerpc-eabivle-4_9/bin/../lib/gcc/powerpc-eabivle/4.9.4/e200z2\libgcc.a(eabivle.o)
                0x013a2daa                __eabi
 .text          0x013a2df4       0x48 c:/nxp/s32ds_power_v1.2/cross_tools/powerpc-eabivle-4_9/bin/../lib/gcc/powerpc-eabivle/4.9.4/e200z2/crtend.o
 *(.text.*)
 .text.dummy    0x013a2e3c        0xc ./src/intc_SW_mode_isr_vectors_MPC5748G.o
                0x013a2e3c                dummy
 .text.SetIVPR  0x013a2e48       0x1a ./src/MPC57xx__Interrupt_Init.o
                0x013a2e48                SetIVPR
 *fill*         0x013a2e62        0x2 
 .text.InitINTC
                0x013a2e64       0x68 ./src/MPC57xx__Interrupt_Init.o
                0x013a2e64                InitINTC
 .text.enableIrq
                0x013a2ecc       0x36 ./src/MPC57xx__Interrupt_Init.o
                0x013a2ecc                enableIrq
 *fill*         0x013a2f02        0x2 
 .text.xcptn_xmpl
                0x013a2f04       0x34 ./src/MPC57xx__Interrupt_Init.o
                0x013a2f04                xcptn_xmpl
 *(.init)
 .init          0x013a2f38        0xa c:/nxp/s32ds_power_v1.2/cross_tools/powerpc-eabivle-4_9/bin/../lib/gcc/powerpc-eabivle/4.9.4/e200z2/ecrti.o
                0x013a2f38                __init
 .init          0x013a2f42        0x4 c:/nxp/s32ds_power_v1.2/cross_tools/powerpc-eabivle-4_9/bin/../lib/gcc/powerpc-eabivle/4.9.4/e200z2/crtbegin.o
 .init          0x013a2f46        0x4 c:/nxp/s32ds_power_v1.2/cross_tools/powerpc-eabivle-4_9/bin/../lib/gcc/powerpc-eabivle/4.9.4/e200z2/crtend.o
 .init          0x013a2f4a        0xa c:/nxp/s32ds_power_v1.2/cross_tools/powerpc-eabivle-4_9/bin/../lib/gcc/powerpc-eabivle/4.9.4/e200z2/ecrtn.o
 *(.fini)
 .fini          0x013a2f54        0xa c:/nxp/s32ds_power_v1.2/cross_tools/powerpc-eabivle-4_9/bin/../lib/gcc/powerpc-eabivle/4.9.4/e200z2/ecrti.o
                0x013a2f54                __fini
 .fini          0x013a2f5e        0x4 c:/nxp/s32ds_power_v1.2/cross_tools/powerpc-eabivle-4_9/bin/../lib/gcc/powerpc-eabivle/4.9.4/e200z2/crtbegin.o
 .fini          0x013a2f62        0xa c:/nxp/s32ds_power_v1.2/cross_tools/powerpc-eabivle-4_9/bin/../lib/gcc/powerpc-eabivle/4.9.4/e200z2/ecrtn.o
                0x013a2f70                . = ALIGN (0x10)
 *fill*         0x013a2f6c        0x4 

.glink          0x013a2f70        0x0
 .glink         0x013a2f70        0x0 c:/nxp/s32ds_power_v1.2/cross_tools/powerpc-eabivle-4_9/bin/../lib/gcc/powerpc-eabivle/4.9.4/e200z2/crtbegin.o

.ctors          0x013a2f70        0x8
                0x013a2f70                __CTOR_LIST__ = .
 *crtbegin.o(.ctors)
 .ctors         0x013a2f70        0x4 c:/nxp/s32ds_power_v1.2/cross_tools/powerpc-eabivle-4_9/bin/../lib/gcc/powerpc-eabivle/4.9.4/e200z2/crtbegin.o
 *crtbegin?.o(.ctors)
 *(EXCLUDE_FILE(*crtend.o *crtend?.o) .ctors)
 .ctors         0x013a2f74        0x0 c:/nxp/s32ds_power_v1.2/cross_tools/powerpc-eabivle-4_9/bin/../lib/gcc/powerpc-eabivle/4.9.4/e200z2/ecrti.o
 .ctors         0x013a2f74        0x0 c:/nxp/s32ds_power_v1.2/cross_tools/powerpc-eabivle-4_9/bin/../lib/gcc/powerpc-eabivle/4.9.4/e200z2/ecrtn.o
 *(SORT(.ctors.*))
 *(.ctors)
 .ctors         0x013a2f74        0x4 c:/nxp/s32ds_power_v1.2/cross_tools/powerpc-eabivle-4_9/bin/../lib/gcc/powerpc-eabivle/4.9.4/e200z2/crtend.o
                0x013a2f78                __CTOR_END__ = .

.dtors          0x013a2f78        0x8
                0x013a2f78                __DTOR_LIST__ = .
 *crtbegin.o(.dtors)
 .dtors         0x013a2f78        0x4 c:/nxp/s32ds_power_v1.2/cross_tools/powerpc-eabivle-4_9/bin/../lib/gcc/powerpc-eabivle/4.9.4/e200z2/crtbegin.o
 *crtbegin?.o(.dtors)
 *(EXCLUDE_FILE(*crtend.o *crtend?.o) .dtors)
 .dtors         0x013a2f7c        0x0 c:/nxp/s32ds_power_v1.2/cross_tools/powerpc-eabivle-4_9/bin/../lib/gcc/powerpc-eabivle/4.9.4/e200z2/ecrti.o
 .dtors         0x013a2f7c        0x0 c:/nxp/s32ds_power_v1.2/cross_tools/powerpc-eabivle-4_9/bin/../lib/gcc/powerpc-eabivle/4.9.4/e200z2/ecrtn.o
 *(SORT(.dtors.*))
 *(.dtors)
 .dtors         0x013a2f7c        0x4 c:/nxp/s32ds_power_v1.2/cross_tools/powerpc-eabivle-4_9/bin/../lib/gcc/powerpc-eabivle/4.9.4/e200z2/crtend.o
                0x013a2f80                __DTOR_END__ = .

.preinit_array  0x013a2f80        0x0
                [!provide]                PROVIDE (__preinit_array_start, .)
 *(.preinit_array*)
                [!provide]                PROVIDE (__preinit_array_end, .)

.init_array     0x013a2f80        0x0
                [!provide]                PROVIDE (__init_array_start, .)
 *(SORT(.init_array.*))
 *(.init_array*)
                [!provide]                PROVIDE (__init_array_end, .)

.fini_array     0x013a2f80        0x0
                [!provide]                PROVIDE (__fini_array_start, .)
 *(SORT(.fini_array.*))
 *(.fini_array*)
                [!provide]                PROVIDE (__fini_array_end, .)

.rodata
 *(.rodata)
 *(.rodata.*)

.eh_frame_hdr
 *(.eh_frame_hdr)

.eh_frame       0x013a2f80        0x8
 *(.eh_frame)
 .eh_frame      0x013a2f80        0x0 c:/nxp/s32ds_power_v1.2/cross_tools/powerpc-eabivle-4_9/bin/../lib/gcc/powerpc-eabivle/4.9.4/e200z2/ecrti.o
                0x013a2f80                __EH_FRAME_BEGIN__
 .eh_frame      0x013a2f80        0x0 c:/nxp/s32ds_power_v1.2/cross_tools/powerpc-eabivle-4_9/bin/../lib/gcc/powerpc-eabivle/4.9.4/e200z2/crtbegin.o
 .eh_frame      0x013a2f80        0x0 c:/nxp/s32ds_power_v1.2/cross_tools/powerpc-eabivle-4_9/bin/../lib/gcc/powerpc-eabivle/4.9.4/e200z2/crtbegin.o
 .eh_frame      0x013a2f80        0x4 c:/nxp/s32ds_power_v1.2/cross_tools/powerpc-eabivle-4_9/bin/../lib/gcc/powerpc-eabivle/4.9.4/e200z2/crtend.o
 .eh_frame      0x013a2f84        0x4 c:/nxp/s32ds_power_v1.2/cross_tools/powerpc-eabivle-4_9/bin/../lib/gcc/powerpc-eabivle/4.9.4/e200z2/ecrtn.o
                0x013a2f84                __EH_FRAME_END__

.data           0x40080000        0x4 load address 0x013a2f88
 *(.data)
 .data          0x40080000        0x4 c:/nxp/s32ds_power_v1.2/cross_tools/powerpc-eabivle-4_9/bin/../lib/gcc/powerpc-eabivle/4.9.4/e200z2\libgcc.a(eabivle.o)
 *(.data.*)

.jcr            0x40080004        0x0 load address 0x013a2f8c
 .jcr           0x40080004        0x0 c:/nxp/s32ds_power_v1.2/cross_tools/powerpc-eabivle-4_9/bin/../lib/gcc/powerpc-eabivle/4.9.4/e200z2/crtbegin.o

.tm_clone_table
                0x40080004        0x0 load address 0x013a2f8c
 .tm_clone_table
                0x40080004        0x0 c:/nxp/s32ds_power_v1.2/cross_tools/powerpc-eabivle-4_9/bin/../lib/gcc/powerpc-eabivle/4.9.4/e200z2/crtbegin.o
 .tm_clone_table
                0x40080004        0x0 c:/nxp/s32ds_power_v1.2/cross_tools/powerpc-eabivle-4_9/bin/../lib/gcc/powerpc-eabivle/4.9.4/e200z2/crtend.o

.got2           0x40080004       0x1c load address 0x013a2f8c
 .got2          0x40080004       0x1c c:/nxp/s32ds_power_v1.2/cross_tools/powerpc-eabivle-4_9/bin/../lib/gcc/powerpc-eabivle/4.9.4/e200z2\libgcc.a(eabivle.o)

.sdata2         0x40080020        0x0 load address 0x013a2fa8
 *(.sdata2)
 .sdata2        0x40080020        0x0 c:/nxp/s32ds_power_v1.2/cross_tools/powerpc-eabivle-4_9/bin/../lib/gcc/powerpc-eabivle/4.9.4/e200z2/ecrti.o
 .sdata2        0x40080020        0x0 c:/nxp/s32ds_power_v1.2/cross_tools/powerpc-eabivle-4_9/bin/../lib/gcc/powerpc-eabivle/4.9.4/e200z2/crtbegin.o
 *(.sdata2.*)

.sbss2          0x40080020        0x0 load address 0x013a2fa8
 *(.sbss2)
 .sbss2         0x40080020        0x0 c:/nxp/s32ds_power_v1.2/cross_tools/powerpc-eabivle-4_9/bin/../lib/gcc/powerpc-eabivle/4.9.4/e200z2/ecrtn.o
 *(.sbss2.*)

.rela.dyn       0x40080020        0x0 load address 0x013a2fa8
 .rela.iplt     0x40080020        0x0 c:/nxp/s32ds_power_v1.2/cross_tools/powerpc-eabivle-4_9/bin/../lib/gcc/powerpc-eabivle/4.9.4/e200z2/crtbegin.o
 .rela.text     0x40080020        0x0 c:/nxp/s32ds_power_v1.2/cross_tools/powerpc-eabivle-4_9/bin/../lib/gcc/powerpc-eabivle/4.9.4/e200z2/crtbegin.o
 .rela.got2     0x40080020        0x0 c:/nxp/s32ds_power_v1.2/cross_tools/powerpc-eabivle-4_9/bin/../lib/gcc/powerpc-eabivle/4.9.4/e200z2/crtbegin.o

.sdata          0x40080020        0x0 load address 0x013a2fa8
 *(.sdata)
 .sdata         0x40080020        0x0 c:/nxp/s32ds_power_v1.2/cross_tools/powerpc-eabivle-4_9/bin/../lib/gcc/powerpc-eabivle/4.9.4/e200z2/ecrti.o
 .sdata         0x40080020        0x0 c:/nxp/s32ds_power_v1.2/cross_tools/powerpc-eabivle-4_9/bin/../lib/gcc/powerpc-eabivle/4.9.4/e200z2/crtbegin.o
 *(.sdata.*)

.bss            0x40080020       0x20 load address 0x013a2fa8
                0x40080020                __BSS_START = .
 *(.sbss)
 .sbss          0x40080020        0x0 c:/nxp/s32ds_power_v1.2/cross_tools/powerpc-eabivle-4_9/bin/../lib/gcc/powerpc-eabivle/4.9.4/e200z2/ecrtn.o
                0x40080020                __SBSS_END__
 *(.sbss.*)
 *(.bss)
 .bss           0x40080020       0x20 c:/nxp/s32ds_power_v1.2/cross_tools/powerpc-eabivle-4_9/bin/../lib/gcc/powerpc-eabivle/4.9.4/e200z2/crtbegin.o
 *(.bss.*)
 *(COMMON)
                0x40080040                __BSS_END = .

.iplt           0x40080040        0x0 load address 0x013a2fa8
 .iplt          0x40080040        0x0 c:/nxp/s32ds_power_v1.2/cross_tools/powerpc-eabivle-4_9/bin/../lib/gcc/powerpc-eabivle/4.9.4/e200z2/crtbegin.o

.stack          0x40080040     0x1004 load address 0x013a2fb0
                0x40080040                __HEAP = .
                [!provide]                PROVIDE (_end, .)
                [!provide]                PROVIDE (end, .)
                0x40080040                . = (. + __HEAP_SIZE)
                0x40080040                __HEAP_END = .
                0x40080040                _stack_end = .
                0x40081040                . = (. + __STACK_SIZE)
 *fill*         0x40080040     0x1000 
                0x40081040                _stack_addr = .
                0x40081040                __SP_INIT = .
                0x40081044                . = (. + 0x4)
 *fill*         0x40081040        0x4 
                0x40080000                __DATA_SRAM_ADDR = ADDR (.data)
                0x40080020                __SDATA_SRAM_ADDR = ADDR (.sdata)
                0x00000004                __DATA_SIZE = SIZEOF (.data)
                0x00000000                __SDATA_SIZE = SIZEOF (.sdata)
                0x013a2f88                __DATA_ROM_ADDR = LOADADDR (.data)
                0x013a2fa8                __SDATA_ROM_ADDR = LOADADDR (.sdata)
                0x00040000                __SRAM_SIZE = SRAM_SIZE
                0x40080000                __SRAM_BASE_ADDR = SRAM_BASE_ADDR
                0x00000020                __BSS_SIZE = (__BSS_END - __BSS_START)
OUTPUT(adc_Z2_3.elf elf32-powerpc)

.PPC.EMB.apuinfo
                0x00000000       0x18
 .PPC.EMB.apuinfo
                0x00000000       0x18 c:/nxp/s32ds_power_v1.2/cross_tools/powerpc-eabivle-4_9/bin/../lib/gcc/powerpc-eabivle/4.9.4/e200z2/ecrti.o
 .PPC.EMB.apuinfo
                0x00000018       0x18 c:/nxp/s32ds_power_v1.2/cross_tools/powerpc-eabivle-4_9/bin/../lib/gcc/powerpc-eabivle/4.9.4/e200z2/crtbegin.o
 .PPC.EMB.apuinfo
                0x00000030       0x18 ./Project_Settings/Startup_Code/startup.o
 .PPC.EMB.apuinfo
                0x00000048       0x18 ./src/intc_sw_handlers.o
 .PPC.EMB.apuinfo
                0x00000060       0x18 ./src/intc_SW_mode_isr_vectors_MPC5748G.o
 .PPC.EMB.apuinfo
                0x00000078       0x18 ./src/adc_Z2_3.o
 .PPC.EMB.apuinfo
                0x00000090       0x18 ./src/Vector.o
 .PPC.EMB.apuinfo
                0x000000a8       0x18 ./src/MPC57xx__Interrupt_Init.o
 .PPC.EMB.apuinfo
                0x000000c0       0x18 c:/nxp/s32ds_power_v1.2/cross_tools/powerpc-eabivle-4_9/bin/../lib/gcc/powerpc-eabivle/4.9.4/e200z2\libgcc.a(eabivle.o)
 .PPC.EMB.apuinfo
                0x000000d8       0x18 c:/nxp/s32ds_power_v1.2/cross_tools/powerpc-eabivle-4_9/bin/../lib/gcc/powerpc-eabivle/4.9.4/e200z2/crtend.o
 .PPC.EMB.apuinfo
                0x000000f0       0x18 c:/nxp/s32ds_power_v1.2/cross_tools/powerpc-eabivle-4_9/bin/../lib/gcc/powerpc-eabivle/4.9.4/e200z2/ecrtn.o

.comment        0x00000000       0x8e
 .comment       0x00000000       0x8e ./src/intc_SW_mode_isr_vectors_MPC5748G.o
                                 0x8f (size before relaxing)
 .comment       0x0000008e       0x8f ./src/adc_Z2_3.o
 .comment       0x0000008e       0x8f ./src/Vector.o
 .comment       0x0000008e       0x8f ./src/MPC57xx__Interrupt_Init.o

.debug_line     0x00000000      0x7a7
 .debug_line    0x00000000       0xca ./Project_Settings/Startup_Code/startup.o
 .debug_line    0x000000ca       0x5d ./src/intc_sw_handlers.o
 .debug_line    0x00000127      0x1d7 ./src/intc_SW_mode_isr_vectors_MPC5748G.o
 .debug_line    0x000002fe      0x1e3 ./src/adc_Z2_3.o
 .debug_line    0x000004e1       0x9c ./src/Vector.o
 .debug_line    0x0000057d      0x22a ./src/MPC57xx__Interrupt_Init.o

.debug_info     0x00000000      0x71a
 .debug_info    0x00000000       0x82 ./Project_Settings/Startup_Code/startup.o
 .debug_info    0x00000082       0x71 ./src/intc_sw_handlers.o
 .debug_info    0x000000f3       0xb4 ./src/intc_SW_mode_isr_vectors_MPC5748G.o
 .debug_info    0x000001a7       0x94 ./src/adc_Z2_3.o
 .debug_info    0x0000023b       0x21 ./src/Vector.o
 .debug_info    0x0000025c      0x4be ./src/MPC57xx__Interrupt_Init.o

.debug_abbrev   0x00000000      0x25d
 .debug_abbrev  0x00000000       0x14 ./Project_Settings/Startup_Code/startup.o
 .debug_abbrev  0x00000014       0x14 ./src/intc_sw_handlers.o
 .debug_abbrev  0x00000028       0x7c ./src/intc_SW_mode_isr_vectors_MPC5748G.o
 .debug_abbrev  0x000000a4       0x56 ./src/adc_Z2_3.o
 .debug_abbrev  0x000000fa       0x13 ./src/Vector.o
 .debug_abbrev  0x0000010d      0x150 ./src/MPC57xx__Interrupt_Init.o

.debug_aranges  0x00000000       0xd0
 .debug_aranges
                0x00000000       0x20 ./Project_Settings/Startup_Code/startup.o
 .debug_aranges
                0x00000020       0x20 ./src/intc_sw_handlers.o
 .debug_aranges
                0x00000040       0x20 ./src/intc_SW_mode_isr_vectors_MPC5748G.o
 .debug_aranges
                0x00000060       0x20 ./src/adc_Z2_3.o
 .debug_aranges
                0x00000080       0x18 ./src/Vector.o
 .debug_aranges
                0x00000098       0x38 ./src/MPC57xx__Interrupt_Init.o

.debug_ranges   0x00000000       0x48
 .debug_ranges  0x00000000       0x10 ./src/intc_SW_mode_isr_vectors_MPC5748G.o
 .debug_ranges  0x00000010       0x10 ./src/adc_Z2_3.o
 .debug_ranges  0x00000020       0x28 ./src/MPC57xx__Interrupt_Init.o

.debug_macro    0x00000000    0x19003
 .debug_macro   0x00000000       0xa1 ./src/intc_SW_mode_isr_vectors_MPC5748G.o
 .debug_macro   0x000000a1      0x57a ./src/intc_SW_mode_isr_vectors_MPC5748G.o
 .debug_macro   0x0000061b       0x52 ./src/intc_SW_mode_isr_vectors_MPC5748G.o
 .debug_macro   0x0000066d       0xa0 ./src/intc_SW_mode_isr_vectors_MPC5748G.o
 .debug_macro   0x0000070d       0x16 ./src/intc_SW_mode_isr_vectors_MPC5748G.o
 .debug_macro   0x00000723       0x64 ./src/intc_SW_mode_isr_vectors_MPC5748G.o
 .debug_macro   0x00000787      0x1a3 ./src/intc_SW_mode_isr_vectors_MPC5748G.o
 .debug_macro   0x0000092a      0x133 ./src/intc_SW_mode_isr_vectors_MPC5748G.o
 .debug_macro   0x00000a5d       0x9d ./src/intc_SW_mode_isr_vectors_MPC5748G.o
 .debug_macro   0x00000afa       0x10 ./src/intc_SW_mode_isr_vectors_MPC5748G.o
 .debug_macro   0x00000b0a      0x15b ./src/intc_SW_mode_isr_vectors_MPC5748G.o
 .debug_macro   0x00000c65       0x28 ./src/intc_SW_mode_isr_vectors_MPC5748G.o
 .debug_macro   0x00000c8d       0x58 ./src/intc_SW_mode_isr_vectors_MPC5748G.o
 .debug_macro   0x00000ce5       0xb5 ./src/adc_Z2_3.o
 .debug_macro   0x00000d9a    0x1814c ./src/adc_Z2_3.o
 .debug_macro   0x00018ee6       0x44 ./src/Vector.o
 .debug_macro   0x00018f2a       0xd9 ./src/MPC57xx__Interrupt_Init.o

.debug_str      0x00000000    0x67092
 .debug_str     0x00000000     0x3544 ./src/intc_SW_mode_isr_vectors_MPC5748G.o
                               0x35ca (size before relaxing)
 .debug_str     0x00003544    0x63865 ./src/adc_Z2_3.o
                              0x66de2 (size before relaxing)
 .debug_str     0x00066da9       0x9b ./src/Vector.o
                               0x1f29 (size before relaxing)
 .debug_str     0x00066e44      0x24e ./src/MPC57xx__Interrupt_Init.o
                              0x6704b (size before relaxing)

.debug_frame    0x00000000       0xf8
 .debug_frame   0x00000000       0x2c ./src/intc_SW_mode_isr_vectors_MPC5748G.o
 .debug_frame   0x0000002c       0x2c ./src/adc_Z2_3.o
 .debug_frame   0x00000058       0xa0 ./src/MPC57xx__Interrupt_Init.o
